[[-1.00901831 -0.46656946  2.08396569 ... -0.0557324  -0.22754921
  -0.73641567]
 [ 1.08385965  1.72858137  0.12386088 ... -0.0557324   0.54741561
  -0.81434869]
 [-1.39733704 -0.19915411  0.12386088 ...  1.04610316  1.85138633
  -0.59025911]
 ...
 [-1.11132541  1.72858137 -0.00867373 ...  1.04610316 -0.50873859
  -0.81434869]
 [-0.15396293  0.06677557  0.53557218 ... -0.23952518  0.05475763
  -0.98354169]
 [-0.92070841  1.72858137 -1.43957965 ...  1.42453327  1.23771255
   0.22347569]]
